[skuld.co.kr/youtube.html]
[backblue.gif]
[fade.gif]
[index.html]
[skuld.co.kr/assets/favicon/apple-icon-57x57.png]
[skuld.co.kr/assets/favicon/apple-icon-60x60.png]
[skuld.co.kr/assets/favicon/apple-icon-72x72.png]
[skuld.co.kr/assets/favicon/apple-icon-76x76.png]
[skuld.co.kr/assets/favicon/apple-icon-114x114.png]
[skuld.co.kr/assets/favicon/apple-icon-120x120.png]
[skuld.co.kr/assets/favicon/apple-icon-144x144.png]
[skuld.co.kr/assets/favicon/apple-icon-152x152.png]
[skuld.co.kr/assets/favicon/apple-icon-180x180.png]
[skuld.co.kr/assets/favicon/android-icon-192x192.png]
[skuld.co.kr/assets/favicon/favicon-32x32.png]
[skuld.co.kr/assets/favicon/favicon-96x96.png]
[skuld.co.kr/assets/favicon/favicon-16x16.png]
[skuld.co.kr/assets/favicon/manifest.json]
[skuld.co.kr/assets/favicon/ms-icon-144x144.png]
[skuld.co.kr/assets/js/jquery.js]
[skuld.co.kr/assets/js/jquery.cookie.js]
[skuld.co.kr/assets/js/module/module.range.js]
[skuld.co.kr/assets/js/module/module.nosleep.js]
[skuld.co.kr/assets/anychart/js/anychart-core.min.js]
[skuld.co.kr/assets/anychart/js/anychart-treemap.min.js]
[cdn.jsdelivr.net/gh/projectnoonnu/noonfonts_231029@1.1/JalnanGothic.woff]
[cdn.jsdelivr.net/gh/Project-Noonnu/noonfonts_2107@1.1/Pretendard-Regular.woff]
[www.gstatic.com/charts/loader.js]
[skuld.co.kr/youtube.html]
[skuld.co.kr/assets/css/color/color.default3a2a.css]
[cdn.jsdelivr.net/gh/projectnoonnu/noonfonts_one@1.0/GoyangDeogyang.woff]
[skuld.co.kr/assets/css/layout/default.css]
[skuld.co.kr/assets/images/bg-effect.png]
[skuld.co.kr/assets/images/flags/flags.png]
[skuld.co.kr/assets/css/layout/flags.css]
[skuld.co.kr/assets/css/layout/grid.css]
[skuld.co.kr/assets/css/layout/form.css]
[skuld.co.kr/assets/css/layout/phone.css]
[skuld.co.kr/assets/css/layout/tablet.css]
[skuld.co.kr/assets/css/layout/pc.css]
[skuld.co.kr/assets/css/module/module.waves.css]
[skuld.co.kr/assets/fonts/materialdesignicons-webfonta5da.eot]
[skuld.co.kr/assets/fonts/materialdesignicons-webfontd41d.eot]
[skuld.co.kr/assets/fonts/materialdesignicons-webfonta5da.woff2]
[skuld.co.kr/assets/fonts/materialdesignicons-webfonta5da.woff]
[skuld.co.kr/assets/fonts/materialdesignicons-webfonta5da.ttf]
[skuld.co.kr/assets/css/module/module.icon.css]
[skuld.co.kr/assets/css/module/module.range.css]
[skuld.co.kr/assets/css/chart/apexcharts.css]
[skuld.co.kr/youtube/script/index3a2a.html]
